// Jest Snapshot v1, https://goo.gl/fbAQLP

exports[`<Accordion /> spec renders the component 1`] = `
<DocumentFragment>
  <div
    class="accordion m"
    id="accordion-1"
  >
    <div
      class="accordionHeader"
    >
      <div
        aria-level="2"
        id="accordion-1-heading"
        role="heading"
      >
        <div
          aria-expanded="false"
          aria-labelledby="accordion-1-heading"
          class="headingContainer"
          role="button"
          tabindex="0"
        >
          <span
            class="label"
          >
            Foo
          </span>
          <svg
            aria-hidden="true"
            aria-label="angle-down"
            class="icon s accordionButtonIcon"
            role="img"
            viewBox="0 0 24 24"
            xmlns="http://www.w3.org/2000/svg"
          >
            <path
              clip-rule="evenodd"
              d="M12 13.5L17 8.5L18.5 10L12 16.5L5.5 10L7 8.5L12 13.5Z"
              fill="currentColor"
              fill-rule="evenodd"
            />
          </svg>
        </div>
      </div>
    </div>
    <div
      aria-labelledby="accordion-1-heading"
      class="accordionContent"
      id="accordion-1-content"
      role="region"
      style="display: none;"
    >
      Bar
      <button
        aria-label="Sulje Foo"
        class="button supplementary theme-black size-small closeButton"
        data-testid="accordion-1-closeButton"
        type="button"
      >
        <span
          class="label"
        >
          Sulje
        </span>
        <div
          aria-hidden="true"
          class="icon"
        >
          <svg
            aria-hidden="true"
            aria-label="angle-up"
            class="icon xs accordionButtonIcon"
            role="img"
            viewBox="0 0 24 24"
            xmlns="http://www.w3.org/2000/svg"
          >
            <path
              clip-rule="evenodd"
              d="M12 11.5L17 16.5L18.5 15L12 8.5L5.5 15L7 16.5L12 11.5Z"
              fill="currentColor"
              fill-rule="evenodd"
            />
          </svg>
        </div>
      </button>
    </div>
  </div>
</DocumentFragment>
`;
