// Jest Snapshot v1, https://goo.gl/fbAQLP

exports[`<MenuButton /> spec renders the component 1`] = `
<DocumentFragment>
  <div
    class="menuButton"
  >
    <button
      aria-controls="hds-menu-button-2-menu"
      aria-haspopup="menu"
      class="toggleButton"
      id="hds-menu-button-2-button"
      type="button"
    >
      <span
        class="toggleButtonLabel"
      >
        Foo
      </span>
      <svg
        class="icon s"
        role="img"
        viewBox="0 0 24 24"
        xmlns="http://www.w3.org/2000/svg"
      >
        <g
          fill="none"
          fill-rule="evenodd"
        >
          <path
            d="M0 0h24v24H0z"
          />
          <path
            d="M12 13.5l5-5 1.5 1.5-6.5 6.5L5.5 10 7 8.5z"
            fill="currentColor"
          />
        </g>
      </svg>
    </button>
    <ul
      aria-labelledby="hds-menu-button-2-button"
      class="menu"
      id="hds-menu-button-2-menu"
      role="menu"
      style="top: 0px; min-width: 190px;"
      tabindex="-1"
    >
      <li
        class="menuItem"
        role="none"
      >
        <a
          class="item "
          href="#foo"
          role="menuitem"
          tabindex="-1"
        >
          Foo
        </a>
      </li>
      <li
        class="menuItem"
        role="none"
      >
        <a
          class="item "
          href="#bar"
          role="menuitem"
          tabindex="-1"
        >
          Bar
        </a>
      </li>
    </ul>
  </div>
</DocumentFragment>
`;
