// Jest Snapshot v1, https://goo.gl/fbAQLP

exports[`<RequiredIndicator /> spec renders the component 1`] = `
<DocumentFragment>
  <span
    class="indicator"
  >
     *
  </span>
</DocumentFragment>
`;
