// Jest Snapshot v1, https://goo.gl/fbAQLP

exports[`<Koros /> spec renders the component 1`] = `
<DocumentFragment>
  <div
    class="koros basic"
  >
    <svg
      aria-hidden="true"
      height="85"
      width="100%"
      xmlns="http://www.w3.org/2000/svg"
    >
      <defs>
        <pattern
          height="85"
          id="koros_basic-1"
          patternUnits="userSpaceOnUse"
          width="96"
          x="0"
          y="0"
        >
          <path
            d="m0 5v80h32v-80c-8 0-8-5-16-5s-8 5-16 5z"
            transform="scale(3)"
          />
        </pattern>
      </defs>
      <rect
        fill="url(#koros_basic-1)"
        height="85"
        style="shape-rendering: crispEdges;"
        width="100%"
      />
    </svg>
  </div>
  <div
    class="koros basic"
  >
    <svg
      aria-hidden="true"
      height="85"
      width="100%"
      xmlns="http://www.w3.org/2000/svg"
    >
      <defs>
        <pattern
          height="85"
          id="koros_basic-2"
          patternUnits="userSpaceOnUse"
          width="96"
          x="0"
          y="0"
        >
          <path
            d="m0 5v80h32v-80c-8 0-8-5-16-5s-8 5-16 5z"
            transform="scale(3)"
          />
        </pattern>
      </defs>
      <rect
        fill="url(#koros_basic-2)"
        height="85"
        style="shape-rendering: crispEdges;"
        width="100%"
      />
    </svg>
  </div>
  <div
    class="koros beat"
  >
    <svg
      aria-hidden="true"
      height="85"
      width="100%"
      xmlns="http://www.w3.org/2000/svg"
    >
      <defs>
        <pattern
          height="85"
          id="koros_beat-3"
          patternUnits="userSpaceOnUse"
          width="96"
          x="0"
          y="0"
        >
          <path
            d="m0 21v64h32v-64c-4 0-5.4-4-5.4-4l-5.2-13s-1.4-4-5.4-4-5.4 4-5.4 4l-5.2 13s-1.4 4-5.4 4z"
            transform="scale(3)"
          />
        </pattern>
      </defs>
      <rect
        fill="url(#koros_beat-3)"
        height="85"
        style="shape-rendering: crispEdges;"
        width="100%"
      />
    </svg>
  </div>
  <div
    class="koros pulse"
  >
    <svg
      aria-hidden="true"
      height="85"
      width="100%"
      xmlns="http://www.w3.org/2000/svg"
    >
      <defs>
        <pattern
          height="85"
          id="koros_pulse-4"
          patternUnits="userSpaceOnUse"
          width="96"
          x="0"
          y="0"
        >
          <path
            d="m0 10v75h32v-75c-8 0-8-10-16-10s-8 10-16 10z"
            transform="scale(3)"
          />
        </pattern>
      </defs>
      <rect
        fill="url(#koros_pulse-4)"
        height="85"
        style="shape-rendering: crispEdges;"
        width="100%"
      />
    </svg>
  </div>
  <div
    class="koros vibration"
  >
    <svg
      aria-hidden="true"
      height="85"
      width="100%"
      xmlns="http://www.w3.org/2000/svg"
    >
      <defs>
        <pattern
          height="85"
          id="koros_vibration-5"
          patternUnits="userSpaceOnUse"
          width="96"
          x="0"
          y="0"
        >
          <path
            d="m0 0v85h32v-85l-16 16z"
            transform="scale(3)"
          />
        </pattern>
      </defs>
      <rect
        fill="url(#koros_vibration-5)"
        height="85"
        style="shape-rendering: crispEdges;"
        width="100%"
      />
    </svg>
  </div>
  <div
    class="koros wave"
  >
    <svg
      aria-hidden="true"
      height="85"
      width="100%"
      xmlns="http://www.w3.org/2000/svg"
    >
      <defs>
        <pattern
          height="85"
          id="koros_wave-6"
          patternUnits="userSpaceOnUse"
          width="96"
          x="0"
          y="0"
        >
          <path
            d="m0 10v75h32v-75c-8 0-13-3.7-16-10-3 6.3-8 10-16 10z"
            transform="scale(3)"
          />
        </pattern>
      </defs>
      <rect
        fill="url(#koros_wave-6)"
        height="85"
        style="shape-rendering: crispEdges;"
        width="100%"
      />
    </svg>
  </div>
</DocumentFragment>
`;
