// Jest Snapshot v1, https://goo.gl/fbAQLP

exports[`<ErrorSummary /> spec renders the component 1`] = `
<DocumentFragment>
  <div
    aria-atomic="true"
    aria-label="Error summary"
    class="notification default error customClass"
  >
    <div
      class="content"
    >
      <div
        aria-level="2"
        class="label label"
        role="heading"
        tabindex="-1"
      >
        <svg
          aria-hidden="true"
          aria-label="alert-circle-fill"
          class="icon s icon"
          role="img"
          viewBox="0 0 24 24"
          xmlns="http://www.w3.org/2000/svg"
        >
          <path
            clip-rule="evenodd"
            d="M12 3C16.9706 3 21 7.02944 21 12C21 16.9706 16.9706 21 12 21C7.02944 21 3 16.9706 3 12C3 7.02944 7.02944 3 12 3ZM13 16V18H11V16H13ZM13 6V14H11V6H13Z"
            fill="currentColor"
            fill-rule="evenodd"
          />
        </svg>
        Form contains following errors
      </div>
      <div
        class="errorSummaryBody"
      >
        <ul>
          <li>
            Error 1: 
            <a
              href="#field1"
            >
              Please enter your first name
            </a>
          </li>
          <li>
            Error 2: 
            <a
              href="#field2"
            >
              Please enter your last name
            </a>
          </li>
          <li>
            Error 3: 
            <a
              href="#field3"
            >
              Please enter a valid email address
            </a>
          </li>
        </ul>
      </div>
    </div>
  </div>
</DocumentFragment>
`;
