// Jest Snapshot v1, https://goo.gl/fbAQLP

exports[`<Tabs /> spec renders the component 1`] = `
<DocumentFragment>
  <div
    class="tabs"
  >
    <ul
      class="tablist"
      role="tablist"
      style="transform: translateX(0px);"
    >
      <li
        aria-controls="tab-0-panel"
        aria-selected="true"
        class="tab active"
        role="tab"
        tabindex="0"
      >
        <span>
          Foo
        </span>
      </li>
      <li
        aria-controls="tab-1-panel"
        aria-selected="false"
        class="tab"
        role="tab"
        tabindex="-1"
      >
        <span>
          Bar
        </span>
      </li>
    </ul>
    <div
      class="tabPanel"
      id="tab-0-panel"
    >
      Fizz
    </div>
  </div>
</DocumentFragment>
`;
