// Jest Snapshot v1, https://goo.gl/fbAQLP

exports[`<Section /> spec renders the component 1`] = `
<DocumentFragment>
  <div
    class="section plain"
  >
    <div
      class="contentWrapper"
    >
      <div
        class="content"
      />
    </div>
  </div>
</DocumentFragment>
`;
