// Jest Snapshot v1, https://goo.gl/fbAQLP

exports[`<Button /> spec renders the component 1`] = `
<DocumentFragment>
  <button
    class="button primary default"
    type="button"
  >
    <span
      class="label"
    >
      My Button
    </span>
  </button>
</DocumentFragment>
`;
