// Jest Snapshot v1, https://goo.gl/fbAQLP

exports[`<LoadingSpinner /> spec renders the component 1`] = `
<DocumentFragment>
  <div
    class="loadingSpinner"
  >
    <div />
    <div />
    <div />
  </div>
</DocumentFragment>
`;
