// Jest Snapshot v1, https://goo.gl/fbAQLP

exports[`<NavigationLink /> spec renders the component 1`] = `
<DocumentFragment>
  <a
    class="link linkM navigationLink"
    href="#"
  >
    Link
  </a>
</DocumentFragment>
`;
