// Jest Snapshot v1, https://goo.gl/fbAQLP

exports[`<HeaderNavigationMenu /> spec renders the component 1`] = `
<DocumentFragment>
  <div
    class="headerNavigationMenuContainer"
  >
    <nav
      class="headerNavigationMenu"
      role="navigation"
    >
      <ul
        class="headerNavigationMenuList"
      />
    </nav>
  </div>
</DocumentFragment>
`;
