// Jest Snapshot v1, https://goo.gl/fbAQLP

exports[`<Tag /> spec renders the component 1`] = `
<DocumentFragment>
  <div
    class="tag"
  >
    <span
      class="label"
    >
      <span>
        Foo
      </span>
    </span>
  </div>
</DocumentFragment>
`;
